// Jest Snapshot v1, https://goo.gl/fbAQLP

exports[`<Button /> 1. should render the reading 1`] = `
.c0 {
  border: 0;
  cursor: pointer;
  width: 20rem;
  background: linear-gradient(180deg,#BFDE42 0%,#F5EB46 100%);
  color: #2E2F42;
  border-radius: 0.4rem;
  padding: 0.8rem;
  height: 4rem;
  font-size: 1.4rem;
}

.c0:hover {
  background: #8DC760;
}

<button
  class="c0"
>
  Click me
</button>
`;
